../Core/Src/main.c:64:5:__io_putchar	16	static
../Core/Src/main.c:70:8:stm32_i2c_read	32	static
../Core/Src/main.c:77:8:stm32_i2c_write	32	static
../Core/Src/main.c:84:6:stm32_delay	16	static
../Core/Src/main.c:96:5:main	40	static
../Core/Src/main.c:177:6:SystemClock_Config	96	static
../Core/Src/main.c:227:13:MX_I2C1_Init	8	static
../Core/Src/main.c:275:13:MX_USART2_UART_Init	8	static
../Core/Src/main.c:310:13:MX_GPIO_Init	48	static
../Core/Src/main.c:352:6:Error_Handler	4	static,ignoring_inline_asm
